Diagnose log at 2026-01-06T21:53:45Z

AppPath: C:\Program Files\Git\mingw64\bin\git-credential-manager.exe
InstallDir: C:\Program Files\Git\mingw64\bin\
Version: 2.6.1+786ab03440ddc82e807a97c0e540f5247e44cec6

------------
Diagnostic: Environment
Skipped: False
Success: True
Exception: None
Log:
OSType: Windows
OSVersion: 10.0 (build 26200)
Reading environment variables... OK
 Variables:
HOMEPATH=\Users\alexi
DriverData=C:\Windows\System32\Drivers\DriverData
COMPUTERNAME=BABYDARVER
GIT_TRACE2_PARENT_SID=6861522a-7a58-4c7f-8be8-a23e4a2d8cbf
CommonProgramFiles(x86)=C:\Program Files (x86)\Common Files
OneDrive=C:\Users\alexi\OneDrive
ChocolateyLastPathUpdate=134089150583834477
SESSIONNAME=Console
LANG=en_US.UTF-8
TMP=C:\Users\alexi\AppData\Local\Temp
PROCESSOR_REVISION=1801
PATHEXT=.COM;.EXE;.BAT;.CMD;.VBS;.VBE;.JS;.JSE;.WSF;.WSH;.MSC;.PY;.PYW;.CPL
GIT_ASKPASS=c:\Users\alexi\AppData\Local\Programs\Antigravity\resources\app\extensions\git\dist\askpass.sh
GIT_EXEC_PATH=C:/Program Files/Git/mingw64/libexec/git-core
TEMP=C:\Users\alexi\AppData\Local\Temp
LOCALAPPDATA=C:\Users\alexi\AppData\Local
MSYSTEM=MINGW64
TERM=xterm-256color
EFC_7164_3789132940=1
VSCODE_PYTHON_AUTOACTIVATE_GUARD=1
ProgramW6432=C:\Program Files
EFC_7164_1592913036=1
USERDOMAIN=BABYDARVER
HOMEDRIVE=C:
Path=C:/Program Files/Git/mingw64/libexec/git-core;C:\Program Files\Git\mingw64\bin;C:\Program Files\Git\usr\bin;C:\Users\alexi\bin;C:\Python314\Scripts\;C:\Python314\;C:\WINDOWS\system32;C:\WINDOWS;C:\WINDOWS\System32\Wbem;C:\WINDOWS\System32\WindowsPowerShell\v1.0\;C:\WINDOWS\System32\OpenSSH\;C:\Program Files\Git\cmd;C:\Program Files\nodejs\;C:\ProgramData\chocolatey\bin;C:\Program Files\NVIDIA Corporation\NVIDIA App\NvDLISR;C:\Users\alexi\AppData\Local\Microsoft\WindowsApps;C:\Users\alexi\AppData\Local\Programs\Antigravity\bin;C:\Users\alexi\AppData\Local\Python\bin;C:\Users\alexi\AppData\Roaming\npm;C:\Users\alexi\AppData\Local\GitHubDesktop\bin
TERM_PROGRAM=vscode
PROCESSOR_LEVEL=23
PROCESSOR_IDENTIFIER=AMD64 Family 23 Model 24 Stepping 1, AuthenticAMD
TMPDIR=C:\Users\alexi\AppData\Local\Temp
VSCODE_GIT_ASKPASS_EXTRA_ARGS=
TERM_PROGRAM_VERSION=1.104.0
VSCODE_GIT_ASKPASS_MAIN=c:\Users\alexi\AppData\Local\Programs\Antigravity\resources\app\extensions\git\dist\askpass-main.js
ProgramFiles(x86)=C:\Program Files (x86)
PUBLIC=C:\Users\Public
NUMBER_OF_PROCESSORS=4
FPS_BROWSER_USER_PROFILE_STRING=Default
CommonProgramFiles=C:\Program Files (x86)\Common Files
VSCODE_INJECTION=1
VSCODE_GIT_IPC_HANDLE=\\.\pipe\vscode-git-eea0b504a3-sock
CHROME_CRASHPAD_PIPE_NAME=\\.\pipe\crashpad_2244_FBECHHEXNQBNFSYT
ProgramFiles=C:\Program Files (x86)
COLORTERM=truecolor
EFC_7164_2283032206=1
ChocolateyInstall=C:\ProgramData\chocolatey
PLINK_PROTOCOL=ssh
ANTIGRAVITY_CLI_ALIAS=agy
VSCODE_GIT_ASKPASS_NODE=C:\Users\alexi\AppData\Local\Programs\Antigravity\Antigravity.exe
SystemRoot=C:\WINDOWS
ORIGINAL_XDG_CURRENT_DESKTOP=undefined
HOME=C:\Users\alexi
CommonProgramW6432=C:\Program Files\Common Files
LOGONSERVER=\\BABYDARVER
USERPROFILE=C:\Users\alexi
EFC_7164_1262719628=1
USERDOMAIN_ROAMINGPROFILE=BABYDARVER
APPDATA=C:\Users\alexi\AppData\Roaming
ProgramData=C:\ProgramData
EFC_7164_2775293581=1
PSModulePath=C:\Users\alexi\OneDrive\Documentos\WindowsPowerShell\Modules;C:\Program Files\WindowsPowerShell\Modules;C:\WINDOWS\system32\WindowsPowerShell\v1.0\Modules
USERNAME=alexi
PROCESSOR_ARCHITEW6432=AMD64
FPS_BROWSER_APP_PROFILE_STRING=Internet Explorer
PROCESSOR_ARCHITECTURE=x86
OS=Windows_NT
ComSpec=C:\WINDOWS\system32\cmd.exe
SystemDrive=C:
windir=C:\WINDOWS
OneDriveConsumer=C:\Users\alexi\OneDrive
ALLUSERSPROFILE=C:\ProgramData


------------
Diagnostic: File system
Skipped: False
Success: True
Exception: None
Log:
Temporary directory is 'C:\Users\alexi\AppData\Local\Temp\'...
Checking basic file I/O...
Writing to temporary file 'C:\Users\alexi\AppData\Local\Temp\2b244ae5b300c1609617aeba'... OK
Reading from temporary file 'C:\Users\alexi\AppData\Local\Temp\2b244ae5b300c1609617aeba'... OK
Deleting temporary file 'C:\Users\alexi\AppData\Local\Temp\2b244ae5b300c1609617aeba'... OK
Testing IFileSystem instance...
UserHomePath: C:\Users\alexi
UserDataDirectoryPath: C:\Users\alexi\.gcm
GetCurrentDirectory(): E:\GIT HUB\esencia-ia

------------
Diagnostic: Networking
Skipped: False
Success: True
Exception: None
Log:
Checking networking and HTTP stack...
Creating HTTP client... OK
IsNetworkAvailable: True
Sending HEAD request to http://example.com...Sending HEAD request to https://example.com... OK
 OK
Acquiring free TCP port... OK
Testing local HTTP loopback connections...
Creating new HTTP listener for http://localhost:56601/... OK
Waiting for loopback connection... OK
Writing response... OK
Waiting for response data... OK
Loopback connection data OK

------------
Diagnostic: Git
Skipped: False
Success: True
Exception: None
Log:
Getting Git version... OK
Git version is '2.52.0.windows.1'
Locating current repository...Git repository at 'E:/GIT HUB/esencia-ia/.git'
 OK
Listing all Git configuration... OK
Git configuration:
file:C:/Program Files/Git/etc/gitconfig	diff.astextplain.textconv=astextplain
file:C:/Program Files/Git/etc/gitconfig	filter.lfs.clean=git-lfs clean -- %f
file:C:/Program Files/Git/etc/gitconfig	filter.lfs.smudge=git-lfs smudge -- %f
file:C:/Program Files/Git/etc/gitconfig	filter.lfs.process=git-lfs filter-process
file:C:/Program Files/Git/etc/gitconfig	filter.lfs.required=true
file:C:/Program Files/Git/etc/gitconfig	http.sslbackend=schannel
file:C:/Program Files/Git/etc/gitconfig	core.autocrlf=true
file:C:/Program Files/Git/etc/gitconfig	core.fscache=true
file:C:/Program Files/Git/etc/gitconfig	core.symlinks=false
file:C:/Program Files/Git/etc/gitconfig	pull.rebase=false
file:C:/Program Files/Git/etc/gitconfig	credential.helper=manager
file:C:/Program Files/Git/etc/gitconfig	credential.https://dev.azure.com.usehttppath=true
file:C:/Program Files/Git/etc/gitconfig	init.defaultbranch=master
file:C:/Users/alexi/.gitconfig	filter.lfs.required=true
file:C:/Users/alexi/.gitconfig	filter.lfs.clean=git-lfs clean -- %f
file:C:/Users/alexi/.gitconfig	filter.lfs.smudge=git-lfs smudge -- %f
file:C:/Users/alexi/.gitconfig	filter.lfs.process=git-lfs filter-process
file:C:/Users/alexi/.gitconfig	user.name=Alexis Alcaraz
file:C:/Users/alexi/.gitconfig	user.email=esenciaweb.ia@gmail.com
file:.git/config	core.repositoryformatversion=0
file:.git/config	core.filemode=false
file:.git/config	core.bare=false
file:.git/config	core.logallrefupdates=true
file:.git/config	core.symlinks=false
file:.git/config	core.ignorecase=true
file:.git/config	submodule.active=.
file:.git/config	remote.origin.url=https://github.com/esencIA-Webx/esencia-ia.git
file:.git/config	remote.origin.fetch=+refs/heads/*:refs/remotes/origin/*
file:.git/config	branch.main.remote=origin
file:.git/config	branch.main.merge=refs/heads/main
file:.git/config	branch.main.vscode-merge-base=origin/main
file:.git/config	lfs.repositoryformatversion=0


------------
Diagnostic: Credential storage
Skipped: False
Success: True
Exception: None
Log:
ICredentialStore instance is of type: CredentialStore
Writing test credential... OK
Reading test credential... OK
Deleting test credential... OK

------------
Diagnostic: Microsoft authentication (AAD/MSA)
Skipped: False
Success: True
Exception: None
Log:
Broker is not enabled.
Flow type is: Auto
Gathering MSAL token cache data... OK
CacheDirectory: C:\Users\alexi\AppData\Local\.IdentityService
CacheFileName: msal.cache
CacheFilePath: C:\Users\alexi\AppData\Local\.IdentityService\msal.cache
Creating cache helper... OK
Verifying MSAL token cache persistence... OK

------------
Diagnostic: GitHub API
Skipped: False
Success: True
Exception: None
Log:
Using 'https://github.com/' as API target.
Querying '/meta' endpoint... OK

